09-13 11:35:30.671  4115  4115 F DEBUG   : *** *** *** *** *** *** *** *** *** *** *** *** *** *** *** ***
09-13 11:35:30.671  4115  4115 F DEBUG   : Build fingerprint: 'google/sdk_gphone64_arm64/emu64a:15/AE3A.240806.043/12960925:userdebug/dev-keys'
09-13 11:35:30.671  4115  4115 F DEBUG   : Revision: '0'
09-13 11:35:30.671  4115  4115 F DEBUG   : ABI: 'arm64'
09-13 11:35:30.671  4115  4115 F DEBUG   : Timestamp: 2026-09-13 11:35:30.471277715+0545
09-13 11:35:30.671  4115  4115 F DEBUG   : Process uptime: 3s
09-13 11:35:30.671  4115  4115 F DEBUG   : Cmdline: com.anup.tbc.xnative
09-13 11:35:30.671  4115  4115 F DEBUG   : pid: 3442, tid: 3462, name: mqt_v_js  >>> com.anup.tbc.xnative <<<
09-13 11:35:30.671  4115  4115 F DEBUG   : uid: 10208
09-13 11:35:30.671  4115  4115 F DEBUG   : tagged_addr_ctrl: 0000000000000001 (PR_TAGGED_ADDR_ENABLE)
09-13 11:35:30.671  4115  4115 F DEBUG   : pac_enabled_keys: 000000000000000f (PR_PAC_APIAKEY, PR_PAC_APIBKEY, PR_PAC_APDAKEY, PR_PAC_APDBKEY)
09-13 11:35:30.671  4115  4115 F DEBUG   : signal 11 (SIGSEGV), code 1 (SEGV_MAPERR), fault addr 0x0000000000000000
09-13 11:35:30.671  4115  4115 F DEBUG   : Cause: null pointer dereference
09-13 11:35:30.671  4115  4115 F DEBUG   :     x0  b400007284a2fee8  x1  b4000071e4b34898  x2  0000006bf543489c  x3  00000000004348c4
09-13 11:35:30.671  4115  4115 F DEBUG   :     x4  000000000000035d  x5  000000000000000e  x6  0000000000000007  x7  000000719d4202ac
09-13 11:35:30.671  4115  4115 F DEBUG   :     x8  0000000000000000  x9  0000000000000d86  x10 0000000000000d86  x11 7d344479d1f9d9cb
09-13 11:35:30.671  4115  4115 F DEBUG   :     x12 0000006bf5400000  x13 000000000000000c  x14 000000000000000c  x15 0000006bf543482c
09-13 11:35:30.671  4115  4115 F DEBUG   :     x16 0000006fee9612d8  x17 00000071cc83762c  x18 0000007141504000  x19 000000719d4207d8
09-13 11:35:30.671  4115  4115 F DEBUG   :     x20 b4000071f49f65d8  x21 b400007224a1fda8  x22 000000719d422a80  x23 b400007284a41538
09-13 11:35:30.671  4115  4115 F DEBUG   :     x24 b400007284a414c1  x25 000000719d422a80  x26 000000719d422a80  x27 0000000000000026
09-13 11:35:30.671  4115  4115 F DEBUG   :     x28 0000000000000019  x29 000000719d420770
09-13 11:35:30.671  4115  4115 F DEBUG   :     lr  0000006fee906cbc  sp  000000719d420730  pc  00000071cc837644  pst 0000000020001000
09-13 11:35:30.671  4115  4115 F DEBUG   : 62 total frames
09-13 11:35:30.671  4115  4115 F DEBUG   : backtrace:
09-13 11:35:30.671  4115  4115 F DEBUG   :       #00 pc 0000000000036644  /data/app/~~Y1Jc9yNv8Jm-jBC8mrQd6Q==/com.anup.tbc.xnative-dOY8DuL1uPalmsoTto9c1Q==/base.apk!libjsi.so (offset 0x137c000) (facebook::jsi::Value::~Value()+24) (BuildId: 81795fe48959464d74a8a5465130ccee44be87de)
09-13 11:35:30.671  4115  4115 F DEBUG   :       #01 pc 00000000000b4cb8  /data/app/~~Y1Jc9yNv8Jm-jBC8mrQd6Q==/com.anup.tbc.xnative-dOY8DuL1uPalmsoTto9c1Q==/base.apk!libworklets.so (offset 0x2014000) (worklets::SerializableObject::toJSValue(facebook::jsi::Runtime&)+192) (BuildId: dc32e0cc48a8d73402d3c6be474e1acec0654aca)
09-13 11:35:30.671  4115  4115 F DEBUG   :       #02 pc 00000000000b4c94  /data/app/~~Y1Jc9yNv8Jm-jBC8mrQd6Q==/com.anup.tbc.xnative-dOY8DuL1uPalmsoTto9c1Q==/base.apk!libworklets.so (offset 0x2014000) (worklets::SerializableObject::toJSValue(facebook::jsi::Runtime&)+156) (BuildId: dc32e0cc48a8d73402d3c6be474e1acec0654aca)
09-13 11:35:30.671  4115  4115 F DEBUG   :       #03 pc 00000000000b6664  /data/app/~~Y1Jc9yNv8Jm-jBC8mrQd6Q==/com.anup.tbc.xnative-dOY8DuL1uPalmsoTto9c1Q==/base.apk!libworklets.so (offset 0x2014000) (worklets::SerializableWorklet::toJSValue(facebook::jsi::Runtime&)+44) (BuildId: dc32e0cc48a8d73402d3c6be474e1acec0654aca)
09-13 11:35:30.671  4115  4115 F DEBUG   :       #04 pc 00000000000bd228  /data/app/~~Y1Jc9yNv8Jm-jBC8mrQd6Q==/com.anup.tbc.xnative-dOY8DuL1uPalmsoTto9c1Q==/base.apk!libworklets.so (offset 0x2014000) (worklets::RetainingSerializable<worklets::SerializableWorklet>::toJSValue(facebook::jsi::Runtime&)+144) (BuildId: dc32e0cc48a8d73402d3c6be474e1acec0654aca)
09-13 11:35:30.671  4115  4115 F DEBUG   :       #05 pc 000000000008c5b8  /data/app/~~Y1Jc9yNv8Jm-jBC8mrQd6Q==/com.anup.tbc.xnative-dOY8DuL1uPalmsoTto9c1Q==/base.apk!libworklets.so (offset 0x2014000) (facebook::jsi::Value worklets::WorkletRuntime::runSync<>(std::__ndk1::shared_ptr<worklets::SerializableWorklet> const&) const+64) (BuildId: dc32e0cc48a8d73402d3c6be474e1acec0654aca)
09-13 11:35:30.671  4115  4115 F DEBUG   :       #06 pc 00000000000dbef4  /data/app/~~Y1Jc9yNv8Jm-jBC8mrQd6Q==/com.anup.tbc.xnative-dOY8DuL1uPalmsoTto9c1Q==/base.apk!libworklets.so (offset 0x2014000) (worklets::RuntimeManager::createWorkletRuntime(std::__ndk1::shared_ptr<worklets::JSIWorkletsModuleProxy const> const&, std::__ndk1::basic_string<char, std::__ndk1::char_traits<char>, std::__ndk1::allocator<char>> const&, std::__ndk1::shared_ptr<worklets::SerializableWorklet> const&, std::__ndk1::shared_ptr<worklets::AsyncQueue> const&, bool)+232) (BuildId: dc32e0cc48a8d73402d3c6be474e1acec0654aca)
09-13 11:35:30.671  4115  4115 F DEBUG   :       #07 pc 000000000009e70c  /data/app/~~Y1Jc9yNv8Jm-jBC8mrQd6Q==/com.anup.tbc.xnative-dOY8DuL1uPalmsoTto9c1Q==/base.apk!libworklets.so (offset 0x2014000) (BuildId: dc32e0cc48a8d73402d3c6be474e1acec0654aca)
09-13 11:35:30.671  4115  4115 F DEBUG   :       #08 pc 00000000000d3c70  /data/app/~~Y1Jc9yNv8Jm-jBC8mrQd6Q==/com.anup.tbc.xnative-dOY8DuL1uPalmsoTto9c1Q==/base.apk!libhermesvm.so (offset 0x1118000) (BuildId: 7a3863f5a9f1dd547fc8ca55f153f75b274986ba)
09-13 11:35:30.671  4115  4115 F DEBUG   :       #09 pc 00000000000d39ac  /data/app/~~Y1Jc9yNv8Jm-jBC8mrQd6Q==/com.anup.tbc.xnative-dOY8DuL1uPalmsoTto9c1Q==/base.apk!libhermesvm.so (offset 0x1118000) (BuildId: 7a3863f5a9f1dd547fc8ca55f153f75b274986ba)
09-13 11:35:30.671  4115  4115 F DEBUG   :       #10 pc 0000000000195b50  /data/app/~~Y1Jc9yNv8Jm-jBC8mrQd6Q==/com.anup.tbc.xnative-dOY8DuL1uPalmsoTto9c1Q==/base.apk!libhermesvm.so (offset 0x1118000) (BuildId: 7a3863f5a9f1dd547fc8ca55f153f75b274986ba)
09-13 11:35:30.671  4115  4115 F DEBUG   :       #11 pc 00000000001a2808  /data/app/~~Y1Jc9yNv8Jm-jBC8mrQd6Q==/com.anup.tbc.xnative-dOY8DuL1uPalmsoTto9c1Q==/base.apk!libhermesvm.so (offset 0x1118000) (BuildId: 7a3863f5a9f1dd547fc8ca55f153f75b274986ba)
09-13 11:35:30.671  4115  4115 F DEBUG   :       #12 pc 00000000001a219c  /data/app/~~Y1Jc9yNv8Jm-jBC8mrQd6Q==/com.anup.tbc.xnative-dOY8DuL1uPalmsoTto9c1Q==/base.apk!libhermesvm.so (offset 0x1118000) (BuildId: 7a3863f5a9f1dd547fc8ca55f153f75b274986ba)
09-13 11:35:30.671  4115  4115 F DEBUG   :       #13 pc 0000000000195c38  /data/app/~~Y1Jc9yNv8Jm-jBC8mrQd6Q==/com.anup.tbc.xnative-dOY8DuL1uPalmsoTto9c1Q==/base.apk!libhermesvm.so (offset 0x1118000) (BuildId: 7a3863f5a9f1dd547fc8ca55f153f75b274986ba)
09-13 11:35:30.671  4115  4115 F DEBUG   :       #14 pc 00000000001940d4  /data/app/~~Y1Jc9yNv8Jm-jBC8mrQd6Q==/com.anup.tbc.xnative-dOY8DuL1uPalmsoTto9c1Q==/base.apk!libhermesvm.so (offset 0x1118000) (BuildId: 7a3863f5a9f1dd547fc8ca55f153f75b274986ba)
09-13 11:35:30.671  4115  4115 F DEBUG   :       #15 pc 0000000000209d5c  /data/app/~~Y1Jc9yNv8Jm-jBC8mrQd6Q==/com.anup.tbc.xnative-dOY8DuL1uPalmsoTto9c1Q==/base.apk!libhermesvm.so (offset 0x1118000) (BuildId: 7a3863f5a9f1dd547fc8ca55f153f75b274986ba)
09-13 11:35:30.671  4115  4115 F DEBUG   :       #16 pc 0000000000195b50  /data/app/~~Y1Jc9yNv8Jm-jBC8mrQd6Q==/com.anup.tbc.xnative-dOY8DuL1uPalmsoTto9c1Q==/base.apk!libhermesvm.so (offset 0x1118000) (BuildId: 7a3863f5a9f1dd547fc8ca55f153f75b274986ba)
09-13 11:35:30.671  4115  4115 F DEBUG   :       #17 pc 00000000001a2808  /data/app/~~Y1Jc9yNv8Jm-jBC8mrQd6Q==/com.anup.tbc.xnative-dOY8DuL1uPalmsoTto9c1Q==/base.apk!libhermesvm.so (offset 0x1118000) (BuildId: 7a3863f5a9f1dd547fc8ca55f153f75b274986ba)
09-13 11:35:30.671  4115  4115 F DEBUG   :       #18 pc 00000000001a219c  /data/app/~~Y1Jc9yNv8Jm-jBC8mrQd6Q==/com.anup.tbc.xnative-dOY8DuL1uPalmsoTto9c1Q==/base.apk!libhermesvm.so (offset 0x1118000) (BuildId: 7a3863f5a9f1dd547fc8ca55f153f75b274986ba)
09-13 11:35:30.671  4115  4115 F DEBUG   :       #19 pc 0000000000195c38  /data/app/~~Y1Jc9yNv8Jm-jBC8mrQd6Q==/com.anup.tbc.xnative-dOY8DuL1uPalmsoTto9c1Q==/base.apk!libhermesvm.so (offset 0x1118000) (BuildId: 7a3863f5a9f1dd547fc8ca55f153f75b274986ba)
09-13 11:35:30.671  4115  4115 F DEBUG   :       #20 pc 00000000001940d4  /data/app/~~Y1Jc9yNv8Jm-jBC8mrQd6Q==/com.anup.tbc.xnative-dOY8DuL1uPalmsoTto9c1Q==/base.apk!libhermesvm.so (offset 0x1118000) (BuildId: 7a3863f5a9f1dd547fc8ca55f153f75b274986ba)
09-13 11:35:30.671  4115  4115 F DEBUG   :       #21 pc 0000000000209d5c  /data/app/~~Y1Jc9yNv8Jm-jBC8mrQd6Q==/com.anup.tbc.xnative-dOY8DuL1uPalmsoTto9c1Q==/base.apk!libhermesvm.so (offset 0x1118000) (BuildId: 7a3863f5a9f1dd547fc8ca55f153f75b274986ba)
09-13 11:35:30.671  4115  4115 F DEBUG   :       #22 pc 0000000000195b50  /data/app/~~Y1Jc9yNv8Jm-jBC8mrQd6Q==/com.anup.tbc.xnative-dOY8DuL1uPalmsoTto9c1Q==/base.apk!libhermesvm.so (offset 0x1118000) (BuildId: 7a3863f5a9f1dd547fc8ca55f153f75b274986ba)
09-13 11:35:30.671  4115  4115 F DEBUG   :       #23 pc 00000000001a2808  /data/app/~~Y1Jc9yNv8Jm-jBC8mrQd6Q==/com.anup.tbc.xnative-dOY8DuL1uPalmsoTto9c1Q==/base.apk!libhermesvm.so (offset 0x1118000) (BuildId: 7a3863f5a9f1dd547fc8ca55f153f75b274986ba)
09-13 11:35:30.671  4115  4115 F DEBUG   :       #24 pc 00000000001a219c  /data/app/~~Y1Jc9yNv8Jm-jBC8mrQd6Q==/com.anup.tbc.xnative-dOY8DuL1uPalmsoTto9c1Q==/base.apk!libhermesvm.so (offset 0x1118000) (BuildId: 7a3863f5a9f1dd547fc8ca55f153f75b274986ba)
09-13 11:35:30.671  4115  4115 F DEBUG   :       #25 pc 0000000000195c38  /data/app/~~Y1Jc9yNv8Jm-jBC8mrQd6Q==/com.anup.tbc.xnative-dOY8DuL1uPalmsoTto9c1Q==/base.apk!libhermesvm.so (offset 0x1118000) (BuildId: 7a3863f5a9f1dd547fc8ca55f153f75b274986ba)
09-13 11:35:30.671  4115  4115 F DEBUG   :       #26 pc 00000000001940d4  /data/app/~~Y1Jc9yNv8Jm-jBC8mrQd6Q==/com.anup.tbc.xnative-dOY8DuL1uPalmsoTto9c1Q==/base.apk!libhermesvm.so (offset 0x1118000) (BuildId: 7a3863f5a9f1dd547fc8ca55f153f75b274986ba)
09-13 11:35:30.671  4115  4115 F DEBUG   :       #27 pc 0000000000209d5c  /data/app/~~Y1Jc9yNv8Jm-jBC8mrQd6Q==/com.anup.tbc.xnative-dOY8DuL1uPalmsoTto9c1Q==/base.apk!libhermesvm.so (offset 0x1118000) (BuildId: 7a3863f5a9f1dd547fc8ca55f153f75b274986ba)
09-13 11:35:30.671  4115  4115 F DEBUG   :       #28 pc 0000000000195b50  /data/app/~~Y1Jc9yNv8Jm-jBC8mrQd6Q==/com.anup.tbc.xnative-dOY8DuL1uPalmsoTto9c1Q==/base.apk!libhermesvm.so (offset 0x1118000) (BuildId: 7a3863f5a9f1dd547fc8ca55f153f75b274986ba)
09-13 11:35:30.671  4115  4115 F DEBUG   :       #29 pc 00000000001a2808  /data/app/~~Y1Jc9yNv8Jm-jBC8mrQd6Q==/com.anup.tbc.xnative-dOY8DuL1uPalmsoTto9c1Q==/base.apk!libhermesvm.so (offset 0x1118000) (BuildId: 7a3863f5a9f1dd547fc8ca55f153f75b274986ba)
09-13 11:35:30.671  4115  4115 F DEBUG   :       #30 pc 00000000001a219c  /data/app/~~Y1Jc9yNv8Jm-jBC8mrQd6Q==/com.anup.tbc.xnative-dOY8DuL1uPalmsoTto9c1Q==/base.apk!libhermesvm.so (offset 0x1118000) (BuildId: 7a3863f5a9f1dd547fc8ca55f153f75b274986ba)
09-13 11:35:30.671  4115  4115 F DEBUG   :       #31 pc 0000000000195c38  /data/app/~~Y1Jc9yNv8Jm-jBC8mrQd6Q==/com.anup.tbc.xnative-dOY8DuL1uPalmsoTto9c1Q==/base.apk!libhermesvm.so (offset 0x1118000) (BuildId: 7a3863f5a9f1dd547fc8ca55f153f75b274986ba)
09-13 11:35:30.671  4115  4115 F DEBUG   :       #32 pc 0000000000193f04  /data/app/~~Y1Jc9yNv8Jm-jBC8mrQd6Q==/com.anup.tbc.xnative-dOY8DuL1uPalmsoTto9c1Q==/base.apk!libhermesvm.so (offset 0x1118000) (BuildId: 7a3863f5a9f1dd547fc8ca55f153f75b274986ba)
09-13 11:35:30.671  4115  4115 F DEBUG   :       #33 pc 00000000001d7028  /data/app/~~Y1Jc9yNv8Jm-jBC8mrQd6Q==/com.anup.tbc.xnative-dOY8DuL1uPalmsoTto9c1Q==/base.apk!libhermesvm.so (offset 0x1118000) (BuildId: 7a3863f5a9f1dd547fc8ca55f153f75b274986ba)
09-13 11:35:30.671  4115  4115 F DEBUG   :       #34 pc 00000000000c7770  /data/app/~~Y1Jc9yNv8Jm-jBC8mrQd6Q==/com.anup.tbc.xnative-dOY8DuL1uPalmsoTto9c1Q==/base.apk!libhermesvm.so (offset 0x1118000) (BuildId: 7a3863f5a9f1dd547fc8ca55f153f75b274986ba)
09-13 11:35:30.671  4115  4115 F DEBUG   :       #35 pc 0000000000508ab8  /data/app/~~Y1Jc9yNv8Jm-jBC8mrQd6Q==/com.anup.tbc.xnative-dOY8DuL1uPalmsoTto9c1Q==/base.apk!libreactnative.so (offset 0x1768000) (facebook::react::RuntimeScheduler_Modern::performMicrotaskCheckpoint(facebook::jsi::Runtime&)+88) (BuildId: 89dd2a6210340221565500c9f9f21b1bf299c568)
09-13 11:35:30.671  4115  4115 F DEBUG   :       #36 pc 0000000000508990  /data/app/~~Y1Jc9yNv8Jm-jBC8mrQd6Q==/com.anup.tbc.xnative-dOY8DuL1uPalmsoTto9c1Q==/base.apk!libreactnative.so (offset 0x1768000) (facebook::react::RuntimeScheduler_Modern::runEventLoopTick(facebook::jsi::Runtime&, facebook::react::Task&)+136) (BuildId: 89dd2a6210340221565500c9f9f21b1bf299c568)
09-13 11:35:30.671  4115  4115 F DEBUG   :       #37 pc 0000000000508694  /data/app/~~Y1Jc9yNv8Jm-jBC8mrQd6Q==/com.anup.tbc.xnative-dOY8DuL1uPalmsoTto9c1Q==/base.apk!libreactnative.so (offset 0x1768000) (facebook::react::RuntimeScheduler_Modern::runEventLoop(facebook::jsi::Runtime&)+88) (BuildId: 89dd2a6210340221565500c9f9f21b1bf299c568)
09-13 11:35:30.671  4115  4115 F DEBUG   :       #38 pc 00000000002d24c0  /data/app/~~Y1Jc9yNv8Jm-jBC8mrQd6Q==/com.anup.tbc.xnative-dOY8DuL1uPalmsoTto9c1Q==/base.apk!libreactnative.so (offset 0x1768000) (BuildId: 89dd2a6210340221565500c9f9f21b1bf299c568)
09-13 11:35:30.671  4115  4115 F DEBUG   :       #39 pc 000000000054f3a8  /data/app/~~Y1Jc9yNv8Jm-jBC8mrQd6Q==/com.anup.tbc.xnative-dOY8DuL1uPalmsoTto9c1Q==/base.apk!libreactnative.so (offset 0x1768000) (BuildId: 89dd2a6210340221565500c9f9f21b1bf299c568)
09-13 11:35:30.671  4115  4115 F DEBUG   :       #40 pc 0000000000017dd0  /data/app/~~Y1Jc9yNv8Jm-jBC8mrQd6Q==/com.anup.tbc.xnative-dOY8DuL1uPalmsoTto9c1Q==/base.apk!libfbjni.so (offset 0x106c000) (facebook::jni::detail::MethodWrapper<void (facebook::jni::JNativeRunnable::*)(), &facebook::jni::JNativeRunnable::run(), facebook::jni::JNativeRunnable, void>::dispatch(facebook::jni::alias_ref<facebook::jni::detail::JTypeFor<facebook::jni::HybridClass<facebook::jni::JNativeRunnable, facebook::jni::JRunnable>::JavaPart, facebook::jni::JRunnable, void>::_javaobject*>)+72) (BuildId: e438f6554af1d86b210a05412e96c4251e570157)
09-13 11:35:30.671  4115  4115 F DEBUG   :       #41 pc 0000000000017d10  /data/app/~~Y1Jc9yNv8Jm-jBC8mrQd6Q==/com.anup.tbc.xnative-dOY8DuL1uPalmsoTto9c1Q==/base.apk!libfbjni.so (offset 0x106c000) (facebook::jni::detail::FunctionWrapper<void (*)(facebook::jni::alias_ref<facebook::jni::detail::JTypeFor<facebook::jni::HybridClass<facebook::jni::JNativeRunnable, facebook::jni::JRunnable>::JavaPart, facebook::jni::JRunnable, void>::_javaobject*>), facebook::jni::detail::JTypeFor<facebook::jni::HybridClass<facebook::jni::JNativeRunnable, facebook::jni::JRunnable>::JavaPart, facebook::jni::JRunnable, void>::_javaobject*, void>::call(_JNIEnv*, _jobject*, void (*)(facebook::jni::alias_ref<facebook::jni::detail::JTypeFor<facebook::jni::HybridClass<facebook::jni::JNativeRunnable, facebook::jni::JRunnable>::JavaPart, facebook::jni::JRunnable, void>::_javaobject*>))+60) (BuildId: e438f6554af1d86b210a05412e96c4251e570157)
